xilinx rtfpga
rt::do_reinfer_area_combined 1
WARNING: [Synth 8-3936] Found unconnected internal register 'v530_reg' and it is trimmed from '56' to '16' bits. [C:/Users/hp/Greeks-Engine/Greek Engine/hardware/verilog/gen/heston_aad_z7h.v:2182]
WARNING: [Synth 8-3936] Found unconnected internal register 'v496_reg' and it is trimmed from '56' to '16' bits. [C:/Users/hp/Greeks-Engine/Greek Engine/hardware/verilog/gen/heston_aad_z7h.v:2165]
WARNING: [Synth 8-3936] Found unconnected internal register 'v846_reg' and it is trimmed from '56' to '16' bits. [C:/Users/hp/Greeks-Engine/Greek Engine/hardware/verilog/gen/heston_aad_z7h.v:2322]
INFO: [Synth 8-3886] merging instance 'v846_reg[15]' (FDE) to 'v846_reg[14]'
INFO: [Synth 8-3886] merging instance 'v846_reg[14]' (FDE) to 'v846_reg[13]'
INFO: [Synth 8-3886] merging instance 'v846_reg[13]' (FDE) to 'v846_reg[12]'
INFO: [Synth 8-3886] merging instance 'v846_reg[12]' (FDE) to 'v846_reg[11]'
INFO: [Synth 8-3886] merging instance 'v846_reg[11]' (FDE) to 'v846_reg[10]'
INFO: [Synth 8-3886] merging instance 'v846_reg[10]' (FDE) to 'v846_reg[9]'
INFO: [Synth 8-3886] merging instance 'v846_reg[9]' (FDE) to 'v846_reg[8]'
INFO: [Synth 8-3333] propagating constant 0 across sequential element (\v846_reg[8] )
INFO: [Synth 8-3886] merging instance 'v496_reg[15]' (FDE) to 'v496_reg[14]'
INFO: [Synth 8-3886] merging instance 'v496_reg[14]' (FDE) to 'v496_reg[13]'
INFO: [Synth 8-3886] merging instance 'v496_reg[13]' (FDE) to 'v496_reg[12]'
INFO: [Synth 8-3886] merging instance 'v496_reg[12]' (FDE) to 'v496_reg[11]'
INFO: [Synth 8-3886] merging instance 'v496_reg[11]' (FDE) to 'v496_reg[10]'
INFO: [Synth 8-3886] merging instance 'v496_reg[10]' (FDE) to 'v496_reg[9]'
INFO: [Synth 8-3886] merging instance 'v496_reg[9]' (FDE) to 'v496_reg[8]'
INFO: [Synth 8-3333] propagating constant 0 across sequential element (\v496_reg[8] )
INFO: [Synth 8-3886] merging instance 'v531_reg[53]' (FDE) to 'v531_reg[55]'
INFO: [Synth 8-3886] merging instance 'v531_reg[54]' (FDE) to 'v531_reg[55]'
INFO: [Synth 8-3333] propagating constant 0 across sequential element (\v531_reg[55] )
INFO: [Synth 8-3886] merging instance 'v847_reg[53]' (FDE) to 'v847_reg[55]'
INFO: [Synth 8-3886] merging instance 'v847_reg[54]' (FDE) to 'v847_reg[55]'
INFO: [Synth 8-3886] merging instance 'v403_reg[53]' (FDE) to 'v403_reg[55]'
INFO: [Synth 8-3886] merging instance 'v403_reg[54]' (FDE) to 'v403_reg[55]'
INFO: [Synth 8-3886] merging instance 'v497_reg[53]' (FDE) to 'v497_reg[55]'
INFO: [Synth 8-3886] merging instance 'v497_reg[54]' (FDE) to 'v497_reg[55]'
INFO: [Synth 8-3886] merging instance 'v585_reg[53]' (FDE) to 'v585_reg[55]'
INFO: [Synth 8-3886] merging instance 'v585_reg[54]' (FDE) to 'v585_reg[55]'
INFO: [Synth 8-3886] merging instance 'v454_reg[54]' (FDE) to 'v454_reg[55]'
INFO: [Synth 8-3333] propagating constant 0 across sequential element (\v454_reg[55] )
INFO: [Synth 8-3886] merging instance 'v306_reg[54]' (FDE) to 'v306_reg[55]'
INFO: [Synth 8-3886] merging instance 'v530_reg[15]' (FDE) to 'v530_reg[14]'
INFO: [Synth 8-3886] merging instance 'v530_reg[14]' (FDE) to 'v530_reg[13]'
INFO: [Synth 8-3886] merging instance 'v530_reg[13]' (FDE) to 'v530_reg[12]'
INFO: [Synth 8-3886] merging instance 'v530_reg[12]' (FDE) to 'v530_reg[11]'
INFO: [Synth 8-3886] merging instance 'v530_reg[11]' (FDE) to 'v530_reg[10]'
INFO: [Synth 8-3886] merging instance 'v530_reg[10]' (FDE) to 'v530_reg[9]'
INFO: [Synth 8-3886] merging instance 'v530_reg[9]' (FDE) to 'v530_reg[8]'
INFO: [Synth 8-3886] merging instance 'v530_reg[8]' (FDE) to 'v530_reg[7]'
INFO: [Synth 8-3886] merging instance 'v530_reg[7]' (FDE) to 'v530_reg[6]'
INFO: [Synth 8-3333] propagating constant 0 across sequential element (\v530_reg[6] )
INFO: [Synth 8-3886] merging instance 'v351_reg[53]' (FDE) to 'v351_reg[55]'
INFO: [Synth 8-3886] merging instance 'v351_reg[54]' (FDE) to 'v351_reg[55]'
INFO: [Synth 8-3333] propagating constant 1 across sequential element (\v531_reg[52] )
