xilinx rtfpga
rt::do_reinfer_area_combined 1
INFO: [Synth 8-5546] ROM "at" won't be mapped to RAM because it is too sparse
WARNING: [Synth 8-3936] Found unconnected internal register 'v646_reg' and it is trimmed from '56' to '16' bits. [C:/Users/hp/Greeks-Engine/Greek Engine/hardware/verilog/gen/heston_aad_z7h.v:1382]
WARNING: [Synth 8-3936] Found unconnected internal register 'v643_reg' and it is trimmed from '56' to '16' bits. [C:/Users/hp/Greeks-Engine/Greek Engine/hardware/verilog/gen/heston_aad_z7h.v:2237]
INFO: [Synth 8-12192] Not enough pipeline registers after wide multiplier. Pipeline registers present is 0. Recommended levels of pipeline registers is 10. [C:/Users/hp/Greeks-Engine/Greek Engine/hardware/verilog/gen/heston_aad_z7h.v:2559]
DSP Report: Generating DSP mu3_P0, operation Mode is: A2*B2.
DSP Report: register mu3_P0 is absorbed into DSP mu3_P0.
DSP Report: register mu3_P0 is absorbed into DSP mu3_P0.
DSP Report: operator mu3_P0 is absorbed into DSP mu3_P0.
DSP Report: operator mu3_P0 is absorbed into DSP mu3_P0.
DSP Report: Generating DSP mu3_P0, operation Mode is: PCIN+A2*B2.
DSP Report: register mu3_P0 is absorbed into DSP mu3_P0.
DSP Report: register mu3_P0 is absorbed into DSP mu3_P0.
DSP Report: operator mu3_P0 is absorbed into DSP mu3_P0.
DSP Report: operator mu3_P0 is absorbed into DSP mu3_P0.
DSP Report: Generating DSP mu3_P0, operation Mode is: (PCIN>>17)+A2*B2.
DSP Report: register mu3_P0 is absorbed into DSP mu3_P0.
DSP Report: register mu3_P0 is absorbed into DSP mu3_P0.
DSP Report: operator mu3_P0 is absorbed into DSP mu3_P0.
DSP Report: operator mu3_P0 is absorbed into DSP mu3_P0.
DSP Report: Generating DSP mu3_P0, operation Mode is: A2*B2.
DSP Report: register mu3_P0 is absorbed into DSP mu3_P0.
DSP Report: register mu3_P0 is absorbed into DSP mu3_P0.
DSP Report: operator mu3_P0 is absorbed into DSP mu3_P0.
DSP Report: operator mu3_P0 is absorbed into DSP mu3_P0.
DSP Report: Generating DSP mu3_P0, operation Mode is: PCIN+A2*B2.
DSP Report: register mu3_P0 is absorbed into DSP mu3_P0.
DSP Report: register mu3_P0 is absorbed into DSP mu3_P0.
DSP Report: operator mu3_P0 is absorbed into DSP mu3_P0.
DSP Report: operator mu3_P0 is absorbed into DSP mu3_P0.
DSP Report: Generating DSP mu3_P0, operation Mode is: PCIN+A2*B2.
DSP Report: register mu3_P0 is absorbed into DSP mu3_P0.
DSP Report: register mu3_P0 is absorbed into DSP mu3_P0.
DSP Report: operator mu3_P0 is absorbed into DSP mu3_P0.
DSP Report: operator mu3_P0 is absorbed into DSP mu3_P0.
DSP Report: Generating DSP mu3_P0, operation Mode is: A2*B2.
DSP Report: register mu3_P0 is absorbed into DSP mu3_P0.
DSP Report: register mu3_P0 is absorbed into DSP mu3_P0.
DSP Report: operator mu3_P0 is absorbed into DSP mu3_P0.
DSP Report: operator mu3_P0 is absorbed into DSP mu3_P0.
DSP Report: Generating DSP mu3_P0, operation Mode is: (PCIN>>17)+A2*B2.
DSP Report: register mu3_P0 is absorbed into DSP mu3_P0.
DSP Report: register mu3_P0 is absorbed into DSP mu3_P0.
DSP Report: operator mu3_P0 is absorbed into DSP mu3_P0.
DSP Report: operator mu3_P0 is absorbed into DSP mu3_P0.
DSP Report: Generating DSP mu3_P0, operation Mode is: PCIN+A2*B2.
DSP Report: register mu3_P0 is absorbed into DSP mu3_P0.
DSP Report: register mu3_P0 is absorbed into DSP mu3_P0.
DSP Report: operator mu3_P0 is absorbed into DSP mu3_P0.
DSP Report: operator mu3_P0 is absorbed into DSP mu3_P0.
WARNING: [Synth 8-7129] Port b[55] in module heston_aad_z7h_rot__1 is either unconnected or has no load
WARNING: [Synth 8-7129] Port b[54] in module heston_aad_z7h_rot__1 is either unconnected or has no load
WARNING: [Synth 8-7129] Port b[53] in module heston_aad_z7h_rot__1 is either unconnected or has no load
WARNING: [Synth 8-7129] Port b[52] in module heston_aad_z7h_rot__1 is either unconnected or has no load
WARNING: [Synth 8-7129] Port b[51] in module heston_aad_z7h_rot__1 is either unconnected or has no load
WARNING: [Synth 8-7129] Port b[50] in module heston_aad_z7h_rot__1 is either unconnected or has no load
WARNING: [Synth 8-7129] Port b[49] in module heston_aad_z7h_rot__1 is either unconnected or has no load
WARNING: [Synth 8-7129] Port b[48] in module heston_aad_z7h_rot__1 is either unconnected or has no load
WARNING: [Synth 8-7129] Port b[47] in module heston_aad_z7h_rot__1 is either unconnected or has no load
WARNING: [Synth 8-7129] Port b[46] in module heston_aad_z7h_rot__1 is either unconnected or has no load
WARNING: [Synth 8-7129] Port b[45] in module heston_aad_z7h_rot__1 is either unconnected or has no load
WARNING: [Synth 8-7129] Port b[44] in module heston_aad_z7h_rot__1 is either unconnected or has no load
WARNING: [Synth 8-7129] Port b[43] in module heston_aad_z7h_rot__1 is either unconnected or has no load
WARNING: [Synth 8-7129] Port b[42] in module heston_aad_z7h_rot__1 is either unconnected or has no load
WARNING: [Synth 8-7129] Port b[41] in module heston_aad_z7h_rot__1 is either unconnected or has no load
WARNING: [Synth 8-7129] Port b[40] in module heston_aad_z7h_rot__1 is either unconnected or has no load
WARNING: [Synth 8-7129] Port b[39] in module heston_aad_z7h_rot__1 is either unconnected or has no load
WARNING: [Synth 8-7129] Port b[38] in module heston_aad_z7h_rot__1 is either unconnected or has no load
WARNING: [Synth 8-7129] Port b[37] in module heston_aad_z7h_rot__1 is either unconnected or has no load
WARNING: [Synth 8-7129] Port b[36] in module heston_aad_z7h_rot__1 is either unconnected or has no load
WARNING: [Synth 8-7129] Port b[35] in module heston_aad_z7h_rot__1 is either unconnected or has no load
WARNING: [Synth 8-7129] Port b[34] in module heston_aad_z7h_rot__1 is either unconnected or has no load
WARNING: [Synth 8-7129] Port b[33] in module heston_aad_z7h_rot__1 is either unconnected or has no load
WARNING: [Synth 8-7129] Port b[32] in module heston_aad_z7h_rot__1 is either unconnected or has no load
WARNING: [Synth 8-7129] Port b[31] in module heston_aad_z7h_rot__1 is either unconnected or has no load
WARNING: [Synth 8-7129] Port b[30] in module heston_aad_z7h_rot__1 is either unconnected or has no load
WARNING: [Synth 8-7129] Port b[29] in module heston_aad_z7h_rot__1 is either unconnected or has no load
WARNING: [Synth 8-7129] Port b[28] in module heston_aad_z7h_rot__1 is either unconnected or has no load
WARNING: [Synth 8-7129] Port b[27] in module heston_aad_z7h_rot__1 is either unconnected or has no load
WARNING: [Synth 8-7129] Port b[26] in module heston_aad_z7h_rot__1 is either unconnected or has no load
WARNING: [Synth 8-7129] Port b[25] in module heston_aad_z7h_rot__1 is either unconnected or has no load
WARNING: [Synth 8-7129] Port b[24] in module heston_aad_z7h_rot__1 is either unconnected or has no load
WARNING: [Synth 8-7129] Port b[23] in module heston_aad_z7h_rot__1 is either unconnected or has no load
WARNING: [Synth 8-7129] Port b[22] in module heston_aad_z7h_rot__1 is either unconnected or has no load
WARNING: [Synth 8-7129] Port b[21] in module heston_aad_z7h_rot__1 is either unconnected or has no load
WARNING: [Synth 8-7129] Port b[20] in module heston_aad_z7h_rot__1 is either unconnected or has no load
WARNING: [Synth 8-7129] Port b[19] in module heston_aad_z7h_rot__1 is either unconnected or has no load
WARNING: [Synth 8-7129] Port b[18] in module heston_aad_z7h_rot__1 is either unconnected or has no load
WARNING: [Synth 8-7129] Port b[17] in module heston_aad_z7h_rot__1 is either unconnected or has no load
WARNING: [Synth 8-7129] Port b[16] in module heston_aad_z7h_rot__1 is either unconnected or has no load
WARNING: [Synth 8-7129] Port b[15] in module heston_aad_z7h_rot__1 is either unconnected or has no load
WARNING: [Synth 8-7129] Port b[14] in module heston_aad_z7h_rot__1 is either unconnected or has no load
WARNING: [Synth 8-7129] Port b[13] in module heston_aad_z7h_rot__1 is either unconnected or has no load
WARNING: [Synth 8-7129] Port b[12] in module heston_aad_z7h_rot__1 is either unconnected or has no load
WARNING: [Synth 8-7129] Port b[11] in module heston_aad_z7h_rot__1 is either unconnected or has no load
WARNING: [Synth 8-7129] Port b[10] in module heston_aad_z7h_rot__1 is either unconnected or has no load
WARNING: [Synth 8-7129] Port b[9] in module heston_aad_z7h_rot__1 is either unconnected or has no load
WARNING: [Synth 8-7129] Port b[8] in module heston_aad_z7h_rot__1 is either unconnected or has no load
WARNING: [Synth 8-7129] Port b[7] in module heston_aad_z7h_rot__1 is either unconnected or has no load
WARNING: [Synth 8-7129] Port b[6] in module heston_aad_z7h_rot__1 is either unconnected or has no load
WARNING: [Synth 8-7129] Port b[5] in module heston_aad_z7h_rot__1 is either unconnected or has no load
WARNING: [Synth 8-7129] Port b[4] in module heston_aad_z7h_rot__1 is either unconnected or has no load
WARNING: [Synth 8-7129] Port b[3] in module heston_aad_z7h_rot__1 is either unconnected or has no load
WARNING: [Synth 8-7129] Port b[2] in module heston_aad_z7h_rot__1 is either unconnected or has no load
WARNING: [Synth 8-7129] Port b[1] in module heston_aad_z7h_rot__1 is either unconnected or has no load
WARNING: [Synth 8-7129] Port b[0] in module heston_aad_z7h_rot__1 is either unconnected or has no load
INFO: [Synth 8-3886] merging instance 'v380_reg[0]' (FDE) to 'v330_s1_reg[0]'
INFO: [Synth 8-3886] merging instance 'v380_s1_reg[0]' (FDE) to 'v330_s2_reg[0]'
INFO: [Synth 8-3886] merging instance 'v380_s2_reg[0]' (FDE) to 'v330_s3_reg[0]'
INFO: [Synth 8-3886] merging instance 'v373_reg[0]' (FDE) to 'v371_s1_reg[0]'
INFO: [Synth 8-3333] propagating constant 0 across sequential element (\v829_reg[0] )
INFO: [Synth 8-3333] propagating constant 0 across sequential element (\v828_reg[0] )
INFO: [Synth 8-3886] merging instance 'v643_reg[15]' (FDE) to 'v643_reg[5]'
INFO: [Synth 8-3886] merging instance 'v643_reg[14]' (FDE) to 'v643_reg[5]'
INFO: [Synth 8-3886] merging instance 'v643_reg[13]' (FDE) to 'v643_reg[5]'
INFO: [Synth 8-3886] merging instance 'v643_reg[12]' (FDE) to 'v643_reg[5]'
INFO: [Synth 8-3886] merging instance 'v643_reg[11]' (FDE) to 'v643_reg[5]'
INFO: [Synth 8-3886] merging instance 'v643_reg[10]' (FDE) to 'v643_reg[5]'
INFO: [Synth 8-3886] merging instance 'v643_reg[9]' (FDE) to 'v643_reg[5]'
INFO: [Synth 8-3886] merging instance 'v643_reg[8]' (FDE) to 'v643_reg[5]'
INFO: [Synth 8-3886] merging instance 'v643_reg[7]' (FDE) to 'v643_reg[5]'
INFO: [Synth 8-3886] merging instance 'v643_reg[6]' (FDE) to 'v643_reg[5]'
INFO: [Synth 8-3333] propagating constant 0 across sequential element (\v643_reg[5] )
