xilinx rtfpga
rt::do_reinfer_area_combined 1
INFO: [Synth 8-5546] ROM "at" won't be mapped to RAM because it is too sparse
INFO: [Synth 8-5544] ROM "o131" won't be mapped to Block RAM because address size (2) smaller than threshold (5)
INFO: [Synth 8-5546] ROM "at" won't be mapped to RAM because it is too sparse
WARNING: [Synth 8-7129] Port b[55] in module heston_aad_z7h_rot__2 is either unconnected or has no load
WARNING: [Synth 8-7129] Port b[54] in module heston_aad_z7h_rot__2 is either unconnected or has no load
WARNING: [Synth 8-7129] Port b[53] in module heston_aad_z7h_rot__2 is either unconnected or has no load
WARNING: [Synth 8-7129] Port b[52] in module heston_aad_z7h_rot__2 is either unconnected or has no load
WARNING: [Synth 8-7129] Port b[51] in module heston_aad_z7h_rot__2 is either unconnected or has no load
WARNING: [Synth 8-7129] Port b[50] in module heston_aad_z7h_rot__2 is either unconnected or has no load
WARNING: [Synth 8-7129] Port b[49] in module heston_aad_z7h_rot__2 is either unconnected or has no load
WARNING: [Synth 8-7129] Port b[48] in module heston_aad_z7h_rot__2 is either unconnected or has no load
WARNING: [Synth 8-7129] Port b[47] in module heston_aad_z7h_rot__2 is either unconnected or has no load
WARNING: [Synth 8-7129] Port b[46] in module heston_aad_z7h_rot__2 is either unconnected or has no load
WARNING: [Synth 8-7129] Port b[45] in module heston_aad_z7h_rot__2 is either unconnected or has no load
WARNING: [Synth 8-7129] Port b[44] in module heston_aad_z7h_rot__2 is either unconnected or has no load
WARNING: [Synth 8-7129] Port b[43] in module heston_aad_z7h_rot__2 is either unconnected or has no load
WARNING: [Synth 8-7129] Port b[42] in module heston_aad_z7h_rot__2 is either unconnected or has no load
WARNING: [Synth 8-7129] Port b[41] in module heston_aad_z7h_rot__2 is either unconnected or has no load
WARNING: [Synth 8-7129] Port b[40] in module heston_aad_z7h_rot__2 is either unconnected or has no load
WARNING: [Synth 8-7129] Port b[39] in module heston_aad_z7h_rot__2 is either unconnected or has no load
WARNING: [Synth 8-7129] Port b[38] in module heston_aad_z7h_rot__2 is either unconnected or has no load
WARNING: [Synth 8-7129] Port b[37] in module heston_aad_z7h_rot__2 is either unconnected or has no load
WARNING: [Synth 8-7129] Port b[36] in module heston_aad_z7h_rot__2 is either unconnected or has no load
WARNING: [Synth 8-7129] Port b[35] in module heston_aad_z7h_rot__2 is either unconnected or has no load
WARNING: [Synth 8-7129] Port b[34] in module heston_aad_z7h_rot__2 is either unconnected or has no load
WARNING: [Synth 8-7129] Port b[33] in module heston_aad_z7h_rot__2 is either unconnected or has no load
WARNING: [Synth 8-7129] Port b[32] in module heston_aad_z7h_rot__2 is either unconnected or has no load
WARNING: [Synth 8-7129] Port b[31] in module heston_aad_z7h_rot__2 is either unconnected or has no load
WARNING: [Synth 8-7129] Port b[30] in module heston_aad_z7h_rot__2 is either unconnected or has no load
WARNING: [Synth 8-7129] Port b[29] in module heston_aad_z7h_rot__2 is either unconnected or has no load
WARNING: [Synth 8-7129] Port b[28] in module heston_aad_z7h_rot__2 is either unconnected or has no load
WARNING: [Synth 8-7129] Port b[27] in module heston_aad_z7h_rot__2 is either unconnected or has no load
WARNING: [Synth 8-7129] Port b[26] in module heston_aad_z7h_rot__2 is either unconnected or has no load
WARNING: [Synth 8-7129] Port b[25] in module heston_aad_z7h_rot__2 is either unconnected or has no load
WARNING: [Synth 8-7129] Port b[24] in module heston_aad_z7h_rot__2 is either unconnected or has no load
WARNING: [Synth 8-7129] Port b[23] in module heston_aad_z7h_rot__2 is either unconnected or has no load
WARNING: [Synth 8-7129] Port b[22] in module heston_aad_z7h_rot__2 is either unconnected or has no load
WARNING: [Synth 8-7129] Port b[21] in module heston_aad_z7h_rot__2 is either unconnected or has no load
WARNING: [Synth 8-7129] Port b[20] in module heston_aad_z7h_rot__2 is either unconnected or has no load
WARNING: [Synth 8-7129] Port b[19] in module heston_aad_z7h_rot__2 is either unconnected or has no load
WARNING: [Synth 8-7129] Port b[18] in module heston_aad_z7h_rot__2 is either unconnected or has no load
WARNING: [Synth 8-7129] Port b[17] in module heston_aad_z7h_rot__2 is either unconnected or has no load
WARNING: [Synth 8-7129] Port b[16] in module heston_aad_z7h_rot__2 is either unconnected or has no load
WARNING: [Synth 8-7129] Port b[15] in module heston_aad_z7h_rot__2 is either unconnected or has no load
WARNING: [Synth 8-7129] Port b[14] in module heston_aad_z7h_rot__2 is either unconnected or has no load
WARNING: [Synth 8-7129] Port b[13] in module heston_aad_z7h_rot__2 is either unconnected or has no load
WARNING: [Synth 8-7129] Port b[12] in module heston_aad_z7h_rot__2 is either unconnected or has no load
WARNING: [Synth 8-7129] Port b[11] in module heston_aad_z7h_rot__2 is either unconnected or has no load
WARNING: [Synth 8-7129] Port b[10] in module heston_aad_z7h_rot__2 is either unconnected or has no load
WARNING: [Synth 8-7129] Port b[9] in module heston_aad_z7h_rot__2 is either unconnected or has no load
WARNING: [Synth 8-7129] Port b[8] in module heston_aad_z7h_rot__2 is either unconnected or has no load
WARNING: [Synth 8-7129] Port b[7] in module heston_aad_z7h_rot__2 is either unconnected or has no load
WARNING: [Synth 8-7129] Port b[6] in module heston_aad_z7h_rot__2 is either unconnected or has no load
WARNING: [Synth 8-7129] Port b[5] in module heston_aad_z7h_rot__2 is either unconnected or has no load
WARNING: [Synth 8-7129] Port b[4] in module heston_aad_z7h_rot__2 is either unconnected or has no load
WARNING: [Synth 8-7129] Port b[3] in module heston_aad_z7h_rot__2 is either unconnected or has no load
WARNING: [Synth 8-7129] Port b[2] in module heston_aad_z7h_rot__2 is either unconnected or has no load
WARNING: [Synth 8-7129] Port b[1] in module heston_aad_z7h_rot__2 is either unconnected or has no load
WARNING: [Synth 8-7129] Port b[0] in module heston_aad_z7h_rot__2 is either unconnected or has no load
INFO: [Synth 8-3333] propagating constant 0 across sequential element (\v439_reg[24] )
