#-----------------------------------------------------------
# Vivado v2025.2 (64-bit)
# SW Build 6299465 on Fri Nov 14 19:35:11 GMT 2025
# IP Build 6300035 on Fri Nov 14 10:48:45 MST 2025
# SharedData Build 6298862 on Thu Nov 13 04:50:51 MST 2025
# Start of session at: Sat Sep 26 19:49:56 2026
# Process ID         : 21656
# Current directory  : C:/Users/hp/Greeks-Engine/Greek Engine/hardware/vivado/zedboard
# Command line       : vivado.exe -mode batch -nojournal -log bd_jtag.log -source bd_jtag.tcl
# Log file           : C:/Users/hp/Greeks-Engine/Greek Engine/hardware/vivado/zedboard/bd_jtag.log
# Journal file       : 
# Running On         : SaY-PC
# Platform           : Windows Server 2016 or Windows 10
# Operating System   : 26200
# Processor Detail   : 11th Gen Intel(R) Core(TM) i5-1155G7 @ 2.50GHz
# CPU Frequency      : 2496 MHz
# CPU Physical cores : 4
# CPU Logical cores  : 8
# Host memory        : 16804 MB
# Swap memory        : 16600 MB
# Total Virtual      : 33405 MB
# Available Virtual  : 13463 MB
#-----------------------------------------------------------
source bd_jtag.tcl
# set part     xc7z020clg484-1
# set clk_mhz  100
# set core     heston_aad_z7h
# set wrapper  ${core}_lite
# set bd_name  heston_jtag
# set proj     proj/heston_jtag
# set here [file dirname [file normalize [info script]]]
# set vdir [file normalize "$here/../../verilog/gen"]
# create_project -force heston_jtag $proj -part $part
create_project: Time (s): cpu = 00:00:12 ; elapsed = 00:00:08 . Memory (MB): peak = 530.828 ; gain = 220.457
# read_verilog [list "$vdir/$wrapper.v"]
# read_verilog [list "$vdir/$core.v"]
# update_compile_order -fileset sources_1
# create_bd_design heston_jtag
Wrote  : <C:\Users\hp\Greeks-Engine\Greek Engine\hardware\vivado\zedboard\proj\heston_jtag\heston_jtag.srcs\sources_1\bd\heston_jtag\heston_jtag.bd> 
INFO: [Device 21-403] Loading part xc7z020clg484-1
create_bd_cell: Time (s): cpu = 00:00:04 ; elapsed = 00:00:06 . Memory (MB): peak = 846.523 ; gain = 280.199
# set clkw [create_bd_cell -type ip -vlnv xilinx.com:ip:clk_wiz clk_wiz_0]
# set_property -dict [list \
#   CONFIG.PRIM_IN_FREQ {100.000} \
#   CONFIG.CLKOUT1_REQUESTED_OUT_FREQ [format %.3f $clk_mhz] \
#   CONFIG.USE_LOCKED {true} \
#   CONFIG.USE_RESET {false} \
#   CONFIG.PRIM_SOURCE {Single_ended_clock_capable_pin} \
# ] $clkw
# make_bd_pins_external -name clk_in100 [get_bd_pins clk_wiz_0/clk_in1]
# set jt [create_bd_cell -type ip -vlnv xilinx.com:ip:jtag_axi jtag_axi_0]
# set_property -dict [list CONFIG.PROTOCOL {2}] $jt      
# set rst [create_bd_cell -type ip -vlnv xilinx.com:ip:proc_sys_reset rst_0]
# set sc  [create_bd_cell -type ip -vlnv xilinx.com:ip:smartconnect smartconnect_0]
# set_property -dict [list CONFIG.NUM_SI {1} CONFIG.NUM_MI {1}] $sc
INFO: [IP_Flow 19-1976] HDL Parser: Replacing 'CTRL_W' by 64 for port or parameter 'start_wr'
INFO: [IP_Flow 19-5107] Inferred bus interface 's_axi' of definition 'xilinx.com:interface:aximm:1.0' (from Xilinx Repository).
INFO: [IP_Flow 19-5107] Inferred bus interface 'aresetn' of definition 'xilinx.com:signal:reset:1.0' (from Xilinx Repository).
INFO: [IP_Flow 19-5107] Inferred bus interface 'aclk' of definition 'xilinx.com:signal:clock:1.0' (from Xilinx Repository).
INFO: [IP_Flow 19-4728] Bus Interface 'aresetn': Added interface parameter 'POLARITY' with value 'ACTIVE_LOW'.
INFO: [IP_Flow 19-4728] Bus Interface 'aclk': Added interface parameter 'ASSOCIATED_BUSIF' with value 's_axi'.
INFO: [IP_Flow 19-4728] Bus Interface 'aclk': Added interface parameter 'ASSOCIATED_RESET' with value 'aresetn'.
WARNING: [IP_Flow 19-11770] Clock interface 'aclk' has no FREQ_HZ parameter.
# set eng [create_bd_cell -type module -reference $wrapper engine]
# connect_bd_net [get_bd_pins clk_wiz_0/clk_out1] \
#                [get_bd_pins rst_0/slowest_sync_clk] \
#                [get_bd_pins jtag_axi_0/aclk] \
#                [get_bd_pins smartconnect_0/aclk] \
#                [get_bd_pins engine/aclk]
# connect_bd_net [get_bd_pins clk_wiz_0/locked] [get_bd_pins rst_0/dcm_locked]
# connect_bd_net [get_bd_pins rst_0/peripheral_aresetn] \
#                [get_bd_pins jtag_axi_0/aresetn] \
#                [get_bd_pins smartconnect_0/aresetn] \
#                [get_bd_pins engine/aresetn]
INFO: [BD 5-1043] It is recommended to use inline hdl version xilinx.com:inline_hdl:ilconstant:1.0 for the IP type xilinx.com:ip:xlconstant:1.1 for improved performance and reduced disk space. IPs with VLNV xilinx.com:ip:xlconstant:1.1 will not be supported from release 2025.2. More information on inline hdl IP is available in UG994 
# set cst [create_bd_cell -type ip -vlnv xilinx.com:ip:xlconstant const_1]
# set_property -dict [list CONFIG.CONST_VAL {1} CONFIG.CONST_WIDTH {1}] $cst
# connect_bd_net [get_bd_pins const_1/dout] [get_bd_pins rst_0/ext_reset_in]
# connect_bd_intf_net [get_bd_intf_pins jtag_axi_0/M_AXI] [get_bd_intf_pins smartconnect_0/S00_AXI]
# connect_bd_intf_net [get_bd_intf_pins smartconnect_0/M00_AXI] [get_bd_intf_pins engine/s_axi]
# assign_bd_address
INFO: [BD 41-3093] Triggering Legacy Auto Assign Algorithm
Slave segment '/engine/s_axi/reg0' is being assigned into address space '/jtag_axi_0/Data' at <0x0000_0000 [ 4K ]>.
# validate_bd_design
INFO: [BD 5-943] Reserving offset range <0x0000_0000 [ 4K ]> from slave interface '/smartconnect_0/S00_AXI' to master interface '/smartconnect_0/M00_AXI'. This will be used by smartconnect on path for routing.
INFO: [xilinx.com:ip:smartconnect:1.0-1] heston_jtag_smartconnect_0_0: SmartConnect heston_jtag_smartconnect_0_0 is in Low-Area Mode.
INFO: [xilinx.com:ip:clk_wiz:6.0-1] /clk_wiz_0 clk_wiz propagate
validate_bd_design: Time (s): cpu = 00:00:04 ; elapsed = 00:00:05 . Memory (MB): peak = 919.246 ; gain = 55.770
# save_bd_design
Wrote  : <C:\Users\hp\Greeks-Engine\Greek Engine\hardware\vivado\zedboard\proj\heston_jtag\heston_jtag.srcs\sources_1\bd\heston_jtag\heston_jtag.bd> 
# set base [get_property OFFSET [get_bd_addr_segs -of_objects [get_bd_intf_pins engine/s_axi]]]
# puts "RESULT: engine base address = $base"
RESULT: engine base address = 
# add_files -fileset constrs_1 -norecurse "$here/jtag.xdc"
ERROR: [Vivado 12-172] File or Directory 'C:/Users/hp/Greeks-Engine/Greek' does not exist
INFO: [Common 17-206] Exiting Vivado at Sat Sep 26 19:50:28 2026...
