\BOOKMARK [1][-]{section.1}{\376\377\000I\000n\000t\000r\000o\000d\000u\000c\000t\000i\000o\000n}{}% 1
\BOOKMARK [2][-]{subsection.1.1}{\376\377\000T\000h\000e\000\040\000p\000r\000o\000b\000l\000e\000m}{section.1}% 2
\BOOKMARK [2][-]{subsection.1.2}{\376\377\000W\000h\000a\000t\000\040\000t\000h\000i\000s\000\040\000p\000r\000o\000j\000e\000c\000t\000\040\000d\000o\000e\000s}{section.1}% 3
\BOOKMARK [2][-]{subsection.1.3}{\376\377\000N\000o\000v\000e\000l\000t\000y}{section.1}% 4
\BOOKMARK [1][-]{section.2}{\376\377\000S\000y\000s\000t\000e\000m\000\040\000a\000r\000c\000h\000i\000t\000e\000c\000t\000u\000r\000e}{}% 5
\BOOKMARK [2][-]{subsection.2.1}{\376\377\000D\000e\000s\000i\000g\000n\000\040\000f\000l\000o\000w}{section.2}% 6
\BOOKMARK [2][-]{subsection.2.2}{\376\377\000T\000h\000e\000\040\000s\000y\000s\000t\000e\000m\000\040\000o\000n\000\040\000t\000h\000e\000\040\000b\000o\000a\000r\000d}{section.2}% 7
\BOOKMARK [2][-]{subsection.2.3}{\376\377\000I\000n\000s\000i\000d\000e\000\040\000t\000h\000e\000\040\000e\000n\000g\000i\000n\000e}{section.2}% 8
\BOOKMARK [1][-]{section.3}{\376\377\000R\000e\000s\000u\000l\000t\000s}{}% 9
\BOOKMARK [2][-]{subsection.3.1}{\376\377\000S\000p\000e\000e\000d\000:\000\040\000c\000l\000o\000c\000k\000\040\000c\000y\000c\000l\000e\000s\000\040\000f\000o\000r\000\040\000t\000h\000e\000\040\000p\000r\000i\000c\000e\000\040\000a\000n\000d\000\040\000n\000i\000n\000e\000\040\000G\000r\000e\000e\000k\000s}{section.3}% 10
\BOOKMARK [2][-]{subsection.3.2}{\376\377\000D\000e\000s\000i\000g\000n\000\040\000s\000p\000a\000c\000e\000:\000\040\000c\000y\000c\000l\000e\000s\000\040\000a\000g\000a\000i\000n\000s\000t\000\040\000h\000a\000r\000d\000w\000a\000r\000e\000\040\000s\000i\000z\000e}{section.3}% 11
\BOOKMARK [2][-]{subsection.3.3}{\376\377\000A\000d\000j\000o\000i\000n\000t\000\040\000a\000g\000a\000i\000n\000s\000t\000\040\000f\000o\000r\000w\000a\000r\000d\000\040\000m\000o\000d\000e\000\040\000o\000n\000\040\000t\000h\000e\000\040\000s\000a\000m\000e\000\040\000h\000a\000r\000d\000w\000a\000r\000e}{section.3}% 12
\BOOKMARK [2][-]{subsection.3.4}{\376\377\000A\000c\000c\000u\000r\000a\000c\000y\000\040\000a\000n\000d\000\040\000t\000h\000e\000\040\000f\000i\000r\000s\000t\000-\000o\000r\000d\000e\000r\000\040\000e\000r\000r\000o\000r\000\040\000b\000o\000u\000n\000d}{section.3}% 13
\BOOKMARK [2][-]{subsection.3.5}{\376\377\000C\000O\000S\000\040\000t\000r\000u\000n\000c\000a\000t\000i\000o\000n\000\040\000e\000r\000r\000o\000r\000:\000\040\000a\000\040\000s\000e\000p\000a\000r\000a\000t\000e\000\040\000t\000e\000r\000m}{section.3}% 14
\BOOKMARK [2][-]{subsection.3.6}{\376\377\000A\000c\000c\000u\000r\000a\000c\000y\000\040\000a\000g\000a\000i\000n\000s\000t\000\040\000b\000u\000m\000p\000-\000a\000n\000d\000-\000r\000e\000p\000r\000i\000c\000e}{section.3}% 15
\BOOKMARK [2][-]{subsection.3.7}{\376\377\000A\000c\000c\000u\000r\000a\000c\000y\000\040\000a\000g\000a\000i\000n\000s\000t\000\040\000w\000o\000r\000d\000\040\000l\000e\000n\000g\000t\000h}{section.3}% 16
\BOOKMARK [2][-]{subsection.3.8}{\376\377\000C\000a\000l\000l\000s\000\040\000t\000h\000r\000o\000u\000g\000h\000\040\000p\000u\000t\000-\000c\000a\000l\000l\000\040\000p\000a\000r\000i\000t\000y}{section.3}% 17
\BOOKMARK [2][-]{subsection.3.9}{\376\377\000I\000m\000p\000l\000e\000m\000e\000n\000t\000a\000t\000i\000o\000n\000\040\000o\000n\000\040\000t\000h\000e\000\040\000Z\000y\000n\000q\000-\0007\0000\0002\0000}{section.3}% 18
\BOOKMARK [2][-]{subsection.3.10}{\376\377\000O\000n\000\040\000s\000i\000l\000i\000c\000o\000n}{section.3}% 19
\BOOKMARK [2][-]{subsection.3.11}{\376\377\000A\000g\000a\000i\000n\000s\000t\000\040\000a\000\040\000C\000P\000U}{section.3}% 20
\BOOKMARK [2][-]{subsection.3.12}{\376\377\000M\000a\000n\000y\000\040\000s\000t\000r\000i\000k\000e\000s\000\040\000a\000t\000\040\000o\000n\000c\000e\000\040\000\050\000d\000e\000s\000i\000g\000n\000\040\000s\000t\000u\000d\000y\000\051}{section.3}% 21
\BOOKMARK [2][-]{subsection.3.13}{\376\377\000I\000l\000l\000u\000s\000t\000r\000a\000t\000i\000o\000n\000:\000\040\000h\000e\000d\000g\000i\000n\000g\000\040\000o\000n\000\040\000r\000e\000a\000l\000\040\000m\000a\000r\000k\000e\000t\000\040\000d\000a\000t\000a}{section.3}% 22
\BOOKMARK [2][-]{subsection.3.14}{\376\377\000I\000m\000p\000r\000o\000v\000e\000m\000e\000n\000t\000\040\000o\000v\000e\000r\000\040\000t\000h\000e\000\040\000f\000i\000r\000s\000t\000\040\000g\000e\000n\000e\000r\000a\000t\000i\000o\000n}{section.3}% 23
\BOOKMARK [1][-]{section.4}{\376\377\000T\000i\000m\000e\000l\000i\000n\000e}{}% 24
